------------------------------------------------------------
Timing Analyzer Summary
------------------------------------------------------------

Type  : Slow 1100mV 100C Model Setup 'inst1|pll12_inst|altera_pll_i|general[0].gpll~PLL_OUTPUT_COUNTER|divclk'
Slack : -0.976
TNS   : -13.506

Type  : Slow 1100mV 100C Model Setup 'inst18|pll80_30_inst|altera_pll_i|general[0].gpll~PLL_OUTPUT_COUNTER|divclk'
Slack : 8.589
TNS   : 0.000

Type  : Slow 1100mV 100C Model Setup 'inst18|pll80_30_inst|altera_pll_i|general[1].gpll~PLL_OUTPUT_COUNTER|divclk'
Slack : 23.661
TNS   : 0.000

Type  : Slow 1100mV 100C Model Hold 'inst18|pll80_30_inst|altera_pll_i|general[0].gpll~PLL_OUTPUT_COUNTER|divclk'
Slack : 0.270
TNS   : 0.000

Type  : Slow 1100mV 100C Model Hold 'inst1|pll12_inst|altera_pll_i|general[0].gpll~PLL_OUTPUT_COUNTER|divclk'
Slack : 0.306
TNS   : 0.000

Type  : Slow 1100mV 100C Model Hold 'inst18|pll80_30_inst|altera_pll_i|general[1].gpll~PLL_OUTPUT_COUNTER|divclk'
Slack : 0.345
TNS   : 0.000

Type  : Slow 1100mV 100C Model Recovery 'inst1|pll12_inst|altera_pll_i|general[0].gpll~PLL_OUTPUT_COUNTER|divclk'
Slack : 72.131
TNS   : 0.000

Type  : Slow 1100mV 100C Model Removal 'inst1|pll12_inst|altera_pll_i|general[0].gpll~PLL_OUTPUT_COUNTER|divclk'
Slack : 1.448
TNS   : 0.000

Type  : Slow 1100mV 100C Model Minimum Pulse Width 'inst18|pll80_30_inst|altera_pll_i|general[0].gpll~FRACTIONAL_PLL|vcoph[0]'
Slack : 1.041
TNS   : 0.000

Type  : Slow 1100mV 100C Model Minimum Pulse Width 'inst1|pll12_inst|altera_pll_i|general[0].gpll~FRACTIONAL_PLL|vcoph[0]'
Slack : 1.666
TNS   : 0.000

Type  : Slow 1100mV 100C Model Minimum Pulse Width 'inst18|pll80_30_inst|altera_pll_i|general[0].gpll~PLL_OUTPUT_COUNTER|divclk'
Slack : 4.809
TNS   : 0.000

Type  : Slow 1100mV 100C Model Minimum Pulse Width 'inst18|pll80_30_inst|altera_pll_i|general[1].gpll~PLL_OUTPUT_COUNTER|divclk'
Slack : 15.194
TNS   : 0.000

Type  : Slow 1100mV 100C Model Minimum Pulse Width 'inst1|pll12_inst|altera_pll_i|general[0].gpll~PLL_OUTPUT_COUNTER|divclk'
Slack : 40.216
TNS   : 0.000

Type  : Slow 1100mV 100C Model Minimum Pulse Width 'CLK'
Slack : 41.611
TNS   : 0.000

Type  : Slow 1100mV -40C Model Setup 'inst1|pll12_inst|altera_pll_i|general[0].gpll~PLL_OUTPUT_COUNTER|divclk'
Slack : -5.946
TNS   : -87.889

Type  : Slow 1100mV -40C Model Setup 'inst18|pll80_30_inst|altera_pll_i|general[0].gpll~PLL_OUTPUT_COUNTER|divclk'
Slack : 8.473
TNS   : 0.000

Type  : Slow 1100mV -40C Model Setup 'inst18|pll80_30_inst|altera_pll_i|general[1].gpll~PLL_OUTPUT_COUNTER|divclk'
Slack : 23.965
TNS   : 0.000

Type  : Slow 1100mV -40C Model Hold 'inst18|pll80_30_inst|altera_pll_i|general[0].gpll~PLL_OUTPUT_COUNTER|divclk'
Slack : 0.249
TNS   : 0.000

Type  : Slow 1100mV -40C Model Hold 'inst1|pll12_inst|altera_pll_i|general[0].gpll~PLL_OUTPUT_COUNTER|divclk'
Slack : 0.289
TNS   : 0.000

Type  : Slow 1100mV -40C Model Hold 'inst18|pll80_30_inst|altera_pll_i|general[1].gpll~PLL_OUTPUT_COUNTER|divclk'
Slack : 0.323
TNS   : 0.000

Type  : Slow 1100mV -40C Model Recovery 'inst1|pll12_inst|altera_pll_i|general[0].gpll~PLL_OUTPUT_COUNTER|divclk'
Slack : 72.507
TNS   : 0.000

Type  : Slow 1100mV -40C Model Removal 'inst1|pll12_inst|altera_pll_i|general[0].gpll~PLL_OUTPUT_COUNTER|divclk'
Slack : 1.355
TNS   : 0.000

Type  : Slow 1100mV -40C Model Minimum Pulse Width 'inst18|pll80_30_inst|altera_pll_i|general[0].gpll~FRACTIONAL_PLL|vcoph[0]'
Slack : 1.041
TNS   : 0.000

Type  : Slow 1100mV -40C Model Minimum Pulse Width 'inst1|pll12_inst|altera_pll_i|general[0].gpll~FRACTIONAL_PLL|vcoph[0]'
Slack : 1.666
TNS   : 0.000

Type  : Slow 1100mV -40C Model Minimum Pulse Width 'inst18|pll80_30_inst|altera_pll_i|general[0].gpll~PLL_OUTPUT_COUNTER|divclk'
Slack : 4.814
TNS   : 0.000

Type  : Slow 1100mV -40C Model Minimum Pulse Width 'inst18|pll80_30_inst|altera_pll_i|general[1].gpll~PLL_OUTPUT_COUNTER|divclk'
Slack : 15.188
TNS   : 0.000

Type  : Slow 1100mV -40C Model Minimum Pulse Width 'inst1|pll12_inst|altera_pll_i|general[0].gpll~PLL_OUTPUT_COUNTER|divclk'
Slack : 40.204
TNS   : 0.000

Type  : Slow 1100mV -40C Model Minimum Pulse Width 'CLK'
Slack : 41.622
TNS   : 0.000

Type  : Fast 1100mV 100C Model Setup 'inst18|pll80_30_inst|altera_pll_i|general[0].gpll~PLL_OUTPUT_COUNTER|divclk'
Slack : 10.461
TNS   : 0.000

Type  : Fast 1100mV 100C Model Setup 'inst18|pll80_30_inst|altera_pll_i|general[1].gpll~PLL_OUTPUT_COUNTER|divclk'
Slack : 27.245
TNS   : 0.000

Type  : Fast 1100mV 100C Model Setup 'inst1|pll12_inst|altera_pll_i|general[0].gpll~PLL_OUTPUT_COUNTER|divclk'
Slack : 42.508
TNS   : 0.000

Type  : Fast 1100mV 100C Model Hold 'inst18|pll80_30_inst|altera_pll_i|general[0].gpll~PLL_OUTPUT_COUNTER|divclk'
Slack : 0.157
TNS   : 0.000

Type  : Fast 1100mV 100C Model Hold 'inst1|pll12_inst|altera_pll_i|general[0].gpll~PLL_OUTPUT_COUNTER|divclk'
Slack : 0.161
TNS   : 0.000

Type  : Fast 1100mV 100C Model Hold 'inst18|pll80_30_inst|altera_pll_i|general[1].gpll~PLL_OUTPUT_COUNTER|divclk'
Slack : 0.176
TNS   : 0.000

Type  : Fast 1100mV 100C Model Recovery 'inst1|pll12_inst|altera_pll_i|general[0].gpll~PLL_OUTPUT_COUNTER|divclk'
Slack : 76.993
TNS   : 0.000

Type  : Fast 1100mV 100C Model Removal 'inst1|pll12_inst|altera_pll_i|general[0].gpll~PLL_OUTPUT_COUNTER|divclk'
Slack : 0.693
TNS   : 0.000

Type  : Fast 1100mV 100C Model Minimum Pulse Width 'inst18|pll80_30_inst|altera_pll_i|general[0].gpll~FRACTIONAL_PLL|vcoph[0]'
Slack : 1.041
TNS   : 0.000

Type  : Fast 1100mV 100C Model Minimum Pulse Width 'inst1|pll12_inst|altera_pll_i|general[0].gpll~FRACTIONAL_PLL|vcoph[0]'
Slack : 1.666
TNS   : 0.000

Type  : Fast 1100mV 100C Model Minimum Pulse Width 'inst18|pll80_30_inst|altera_pll_i|general[0].gpll~PLL_OUTPUT_COUNTER|divclk'
Slack : 5.113
TNS   : 0.000

Type  : Fast 1100mV 100C Model Minimum Pulse Width 'inst18|pll80_30_inst|altera_pll_i|general[1].gpll~PLL_OUTPUT_COUNTER|divclk'
Slack : 15.523
TNS   : 0.000

Type  : Fast 1100mV 100C Model Minimum Pulse Width 'inst1|pll12_inst|altera_pll_i|general[0].gpll~PLL_OUTPUT_COUNTER|divclk'
Slack : 40.527
TNS   : 0.000

Type  : Fast 1100mV 100C Model Minimum Pulse Width 'CLK'
Slack : 41.313
TNS   : 0.000

Type  : Fast 1100mV -40C Model Setup 'inst18|pll80_30_inst|altera_pll_i|general[0].gpll~PLL_OUTPUT_COUNTER|divclk'
Slack : 10.680
TNS   : 0.000

Type  : Fast 1100mV -40C Model Setup 'inst18|pll80_30_inst|altera_pll_i|general[1].gpll~PLL_OUTPUT_COUNTER|divclk'
Slack : 28.377
TNS   : 0.000

Type  : Fast 1100mV -40C Model Setup 'inst1|pll12_inst|altera_pll_i|general[0].gpll~PLL_OUTPUT_COUNTER|divclk'
Slack : 45.984
TNS   : 0.000

Type  : Fast 1100mV -40C Model Hold 'inst1|pll12_inst|altera_pll_i|general[0].gpll~PLL_OUTPUT_COUNTER|divclk'
Slack : 0.138
TNS   : 0.000

Type  : Fast 1100mV -40C Model Hold 'inst18|pll80_30_inst|altera_pll_i|general[0].gpll~PLL_OUTPUT_COUNTER|divclk'
Slack : 0.139
TNS   : 0.000

Type  : Fast 1100mV -40C Model Hold 'inst18|pll80_30_inst|altera_pll_i|general[1].gpll~PLL_OUTPUT_COUNTER|divclk'
Slack : 0.155
TNS   : 0.000

Type  : Fast 1100mV -40C Model Recovery 'inst1|pll12_inst|altera_pll_i|general[0].gpll~PLL_OUTPUT_COUNTER|divclk'
Slack : 77.846
TNS   : 0.000

Type  : Fast 1100mV -40C Model Removal 'inst1|pll12_inst|altera_pll_i|general[0].gpll~PLL_OUTPUT_COUNTER|divclk'
Slack : 0.587
TNS   : 0.000

Type  : Fast 1100mV -40C Model Minimum Pulse Width 'inst18|pll80_30_inst|altera_pll_i|general[0].gpll~FRACTIONAL_PLL|vcoph[0]'
Slack : 1.041
TNS   : 0.000

Type  : Fast 1100mV -40C Model Minimum Pulse Width 'inst1|pll12_inst|altera_pll_i|general[0].gpll~FRACTIONAL_PLL|vcoph[0]'
Slack : 1.666
TNS   : 0.000

Type  : Fast 1100mV -40C Model Minimum Pulse Width 'inst18|pll80_30_inst|altera_pll_i|general[0].gpll~PLL_OUTPUT_COUNTER|divclk'
Slack : 5.125
TNS   : 0.000

Type  : Fast 1100mV -40C Model Minimum Pulse Width 'inst18|pll80_30_inst|altera_pll_i|general[1].gpll~PLL_OUTPUT_COUNTER|divclk'
Slack : 15.529
TNS   : 0.000

Type  : Fast 1100mV -40C Model Minimum Pulse Width 'inst1|pll12_inst|altera_pll_i|general[0].gpll~PLL_OUTPUT_COUNTER|divclk'
Slack : 40.538
TNS   : 0.000

Type  : Fast 1100mV -40C Model Minimum Pulse Width 'CLK'
Slack : 41.301
TNS   : 0.000

------------------------------------------------------------
