------------------------------------------------------------
Timing Analyzer Summary
------------------------------------------------------------

Type  : Slow 1100mV 100C Model Setup 'inst1|pll12_inst|altera_pll_i|general[0].gpll~PLL_OUTPUT_COUNTER|divclk'
Slack : -2.001
TNS   : -35.027

Type  : Slow 1100mV 100C Model Setup 'inst18|pll80_30_inst|altera_pll_i|general[0].gpll~PLL_OUTPUT_COUNTER|divclk'
Slack : 8.510
TNS   : 0.000

Type  : Slow 1100mV 100C Model Setup 'inst18|pll80_30_inst|altera_pll_i|general[1].gpll~PLL_OUTPUT_COUNTER|divclk'
Slack : 21.506
TNS   : 0.000

Type  : Slow 1100mV 100C Model Hold 'inst18|pll80_30_inst|altera_pll_i|general[0].gpll~PLL_OUTPUT_COUNTER|divclk'
Slack : 0.246
TNS   : 0.000

Type  : Slow 1100mV 100C Model Hold 'inst1|pll12_inst|altera_pll_i|general[0].gpll~PLL_OUTPUT_COUNTER|divclk'
Slack : 0.304
TNS   : 0.000

Type  : Slow 1100mV 100C Model Hold 'inst18|pll80_30_inst|altera_pll_i|general[1].gpll~PLL_OUTPUT_COUNTER|divclk'
Slack : 0.310
TNS   : 0.000

Type  : Slow 1100mV 100C Model Recovery 'inst1|pll12_inst|altera_pll_i|general[0].gpll~PLL_OUTPUT_COUNTER|divclk'
Slack : 70.168
TNS   : 0.000

Type  : Slow 1100mV 100C Model Removal 'inst1|pll12_inst|altera_pll_i|general[0].gpll~PLL_OUTPUT_COUNTER|divclk'
Slack : 2.171
TNS   : 0.000

Type  : Slow 1100mV 100C Model Minimum Pulse Width 'inst18|pll80_30_inst|altera_pll_i|general[0].gpll~FRACTIONAL_PLL|vcoph[0]'
Slack : 1.041
TNS   : 0.000

Type  : Slow 1100mV 100C Model Minimum Pulse Width 'inst1|pll12_inst|altera_pll_i|general[0].gpll~FRACTIONAL_PLL|vcoph[0]'
Slack : 1.666
TNS   : 0.000

Type  : Slow 1100mV 100C Model Minimum Pulse Width 'inst18|pll80_30_inst|altera_pll_i|general[0].gpll~PLL_OUTPUT_COUNTER|divclk'
Slack : 4.820
TNS   : 0.000

Type  : Slow 1100mV 100C Model Minimum Pulse Width 'inst18|pll80_30_inst|altera_pll_i|general[1].gpll~PLL_OUTPUT_COUNTER|divclk'
Slack : 15.194
TNS   : 0.000

Type  : Slow 1100mV 100C Model Minimum Pulse Width 'inst1|pll12_inst|altera_pll_i|general[0].gpll~PLL_OUTPUT_COUNTER|divclk'
Slack : 40.216
TNS   : 0.000

Type  : Slow 1100mV 100C Model Minimum Pulse Width 'CLK'
Slack : 41.611
TNS   : 0.000

Type  : Slow 1100mV -40C Model Setup 'inst1|pll12_inst|altera_pll_i|general[0].gpll~PLL_OUTPUT_COUNTER|divclk'
Slack : -6.431
TNS   : -114.951

Type  : Slow 1100mV -40C Model Setup 'inst18|pll80_30_inst|altera_pll_i|general[0].gpll~PLL_OUTPUT_COUNTER|divclk'
Slack : 8.387
TNS   : 0.000

Type  : Slow 1100mV -40C Model Setup 'inst18|pll80_30_inst|altera_pll_i|general[1].gpll~PLL_OUTPUT_COUNTER|divclk'
Slack : 22.151
TNS   : 0.000

Type  : Slow 1100mV -40C Model Hold 'inst18|pll80_30_inst|altera_pll_i|general[0].gpll~PLL_OUTPUT_COUNTER|divclk'
Slack : 0.229
TNS   : 0.000

Type  : Slow 1100mV -40C Model Hold 'inst1|pll12_inst|altera_pll_i|general[0].gpll~PLL_OUTPUT_COUNTER|divclk'
Slack : 0.290
TNS   : 0.000

Type  : Slow 1100mV -40C Model Hold 'inst18|pll80_30_inst|altera_pll_i|general[1].gpll~PLL_OUTPUT_COUNTER|divclk'
Slack : 0.301
TNS   : 0.000

Type  : Slow 1100mV -40C Model Recovery 'inst1|pll12_inst|altera_pll_i|general[0].gpll~PLL_OUTPUT_COUNTER|divclk'
Slack : 70.468
TNS   : 0.000

Type  : Slow 1100mV -40C Model Removal 'inst1|pll12_inst|altera_pll_i|general[0].gpll~PLL_OUTPUT_COUNTER|divclk'
Slack : 1.984
TNS   : 0.000

Type  : Slow 1100mV -40C Model Minimum Pulse Width 'inst18|pll80_30_inst|altera_pll_i|general[0].gpll~FRACTIONAL_PLL|vcoph[0]'
Slack : 1.041
TNS   : 0.000

Type  : Slow 1100mV -40C Model Minimum Pulse Width 'inst1|pll12_inst|altera_pll_i|general[0].gpll~FRACTIONAL_PLL|vcoph[0]'
Slack : 1.666
TNS   : 0.000

Type  : Slow 1100mV -40C Model Minimum Pulse Width 'inst18|pll80_30_inst|altera_pll_i|general[0].gpll~PLL_OUTPUT_COUNTER|divclk'
Slack : 4.809
TNS   : 0.000

Type  : Slow 1100mV -40C Model Minimum Pulse Width 'inst18|pll80_30_inst|altera_pll_i|general[1].gpll~PLL_OUTPUT_COUNTER|divclk'
Slack : 15.188
TNS   : 0.000

Type  : Slow 1100mV -40C Model Minimum Pulse Width 'inst1|pll12_inst|altera_pll_i|general[0].gpll~PLL_OUTPUT_COUNTER|divclk'
Slack : 40.204
TNS   : 0.000

Type  : Slow 1100mV -40C Model Minimum Pulse Width 'CLK'
Slack : 41.622
TNS   : 0.000

Type  : Fast 1100mV 100C Model Setup 'inst18|pll80_30_inst|altera_pll_i|general[0].gpll~PLL_OUTPUT_COUNTER|divclk'
Slack : 10.528
TNS   : 0.000

Type  : Fast 1100mV 100C Model Setup 'inst18|pll80_30_inst|altera_pll_i|general[1].gpll~PLL_OUTPUT_COUNTER|divclk'
Slack : 26.000
TNS   : 0.000

Type  : Fast 1100mV 100C Model Setup 'inst1|pll12_inst|altera_pll_i|general[0].gpll~PLL_OUTPUT_COUNTER|divclk'
Slack : 41.601
TNS   : 0.000

Type  : Fast 1100mV 100C Model Hold 'inst18|pll80_30_inst|altera_pll_i|general[0].gpll~PLL_OUTPUT_COUNTER|divclk'
Slack : 0.140
TNS   : 0.000

Type  : Fast 1100mV 100C Model Hold 'inst18|pll80_30_inst|altera_pll_i|general[1].gpll~PLL_OUTPUT_COUNTER|divclk'
Slack : 0.162
TNS   : 0.000

Type  : Fast 1100mV 100C Model Hold 'inst1|pll12_inst|altera_pll_i|general[0].gpll~PLL_OUTPUT_COUNTER|divclk'
Slack : 0.162
TNS   : 0.000

Type  : Fast 1100mV 100C Model Recovery 'inst1|pll12_inst|altera_pll_i|general[0].gpll~PLL_OUTPUT_COUNTER|divclk'
Slack : 75.984
TNS   : 0.000

Type  : Fast 1100mV 100C Model Removal 'inst1|pll12_inst|altera_pll_i|general[0].gpll~PLL_OUTPUT_COUNTER|divclk'
Slack : 1.133
TNS   : 0.000

Type  : Fast 1100mV 100C Model Minimum Pulse Width 'inst18|pll80_30_inst|altera_pll_i|general[0].gpll~FRACTIONAL_PLL|vcoph[0]'
Slack : 1.041
TNS   : 0.000

Type  : Fast 1100mV 100C Model Minimum Pulse Width 'inst1|pll12_inst|altera_pll_i|general[0].gpll~FRACTIONAL_PLL|vcoph[0]'
Slack : 1.666
TNS   : 0.000

Type  : Fast 1100mV 100C Model Minimum Pulse Width 'inst18|pll80_30_inst|altera_pll_i|general[0].gpll~PLL_OUTPUT_COUNTER|divclk'
Slack : 5.118
TNS   : 0.000

Type  : Fast 1100mV 100C Model Minimum Pulse Width 'inst18|pll80_30_inst|altera_pll_i|general[1].gpll~PLL_OUTPUT_COUNTER|divclk'
Slack : 15.523
TNS   : 0.000

Type  : Fast 1100mV 100C Model Minimum Pulse Width 'inst1|pll12_inst|altera_pll_i|general[0].gpll~PLL_OUTPUT_COUNTER|divclk'
Slack : 40.527
TNS   : 0.000

Type  : Fast 1100mV 100C Model Minimum Pulse Width 'CLK'
Slack : 41.313
TNS   : 0.000

Type  : Fast 1100mV -40C Model Setup 'inst18|pll80_30_inst|altera_pll_i|general[0].gpll~PLL_OUTPUT_COUNTER|divclk'
Slack : 10.724
TNS   : 0.000

Type  : Fast 1100mV -40C Model Setup 'inst18|pll80_30_inst|altera_pll_i|general[1].gpll~PLL_OUTPUT_COUNTER|divclk'
Slack : 27.405
TNS   : 0.000

Type  : Fast 1100mV -40C Model Setup 'inst1|pll12_inst|altera_pll_i|general[0].gpll~PLL_OUTPUT_COUNTER|divclk'
Slack : 45.214
TNS   : 0.000

Type  : Fast 1100mV -40C Model Hold 'inst18|pll80_30_inst|altera_pll_i|general[0].gpll~PLL_OUTPUT_COUNTER|divclk'
Slack : 0.121
TNS   : 0.000

Type  : Fast 1100mV -40C Model Hold 'inst1|pll12_inst|altera_pll_i|general[0].gpll~PLL_OUTPUT_COUNTER|divclk'
Slack : 0.139
TNS   : 0.000

Type  : Fast 1100mV -40C Model Hold 'inst18|pll80_30_inst|altera_pll_i|general[1].gpll~PLL_OUTPUT_COUNTER|divclk'
Slack : 0.142
TNS   : 0.000

Type  : Fast 1100mV -40C Model Recovery 'inst1|pll12_inst|altera_pll_i|general[0].gpll~PLL_OUTPUT_COUNTER|divclk'
Slack : 76.956
TNS   : 0.000

Type  : Fast 1100mV -40C Model Removal 'inst1|pll12_inst|altera_pll_i|general[0].gpll~PLL_OUTPUT_COUNTER|divclk'
Slack : 0.941
TNS   : 0.000

Type  : Fast 1100mV -40C Model Minimum Pulse Width 'inst18|pll80_30_inst|altera_pll_i|general[0].gpll~FRACTIONAL_PLL|vcoph[0]'
Slack : 1.041
TNS   : 0.000

Type  : Fast 1100mV -40C Model Minimum Pulse Width 'inst1|pll12_inst|altera_pll_i|general[0].gpll~FRACTIONAL_PLL|vcoph[0]'
Slack : 1.666
TNS   : 0.000

Type  : Fast 1100mV -40C Model Minimum Pulse Width 'inst18|pll80_30_inst|altera_pll_i|general[0].gpll~PLL_OUTPUT_COUNTER|divclk'
Slack : 5.128
TNS   : 0.000

Type  : Fast 1100mV -40C Model Minimum Pulse Width 'inst18|pll80_30_inst|altera_pll_i|general[1].gpll~PLL_OUTPUT_COUNTER|divclk'
Slack : 15.529
TNS   : 0.000

Type  : Fast 1100mV -40C Model Minimum Pulse Width 'inst1|pll12_inst|altera_pll_i|general[0].gpll~PLL_OUTPUT_COUNTER|divclk'
Slack : 40.538
TNS   : 0.000

Type  : Fast 1100mV -40C Model Minimum Pulse Width 'CLK'
Slack : 41.301
TNS   : 0.000

------------------------------------------------------------
